ASE_DEBUG=0 	WAVEDUMP=0 	ENABLE_CL_VIEW = 0 	./nlb_test 64000 0 0 	          Took 68,255,725,061 nsec 
ASE_DEBUG=0 	WAVEDUMP=0 	ENABLE_CL_VIEW = 0 	./nlb_test 64000 0 1 	          Took 66,912,817,772 nsec 
ASE_DEBUG=0 	WAVEDUMP=0 	ENABLE_CL_VIEW = 0 	./nlb_test 64000 0 3 	          Took 59,839,526,736 nsec 
ASE_DEBUG=0 	WAVEDUMP=0 	ENABLE_CL_VIEW = 0 	./nlb_test 64000 1 0 	          Took 87,726,409,526 nsec 
ASE_DEBUG=0 	WAVEDUMP=0 	ENABLE_CL_VIEW = 0 	./nlb_test 64000 1 1 	          Took 86,701,009,156 nsec 
ASE_DEBUG=0 	WAVEDUMP=0 	ENABLE_CL_VIEW = 0 	./nlb_test 64000 1 3 	          Took 86,127,829,568 nsec 
ASE_DEBUG=0 	WAVEDUMP=0 	ENABLE_CL_VIEW = 0 	./nlb_test 64000 2 0 	          Took 92,406,806,949 nsec 
ASE_DEBUG=0 	WAVEDUMP=0 	ENABLE_CL_VIEW = 0 	./nlb_test 64000 2 1 	          Took 87,973,449,305 nsec 
ASE_DEBUG=0 	WAVEDUMP=0 	ENABLE_CL_VIEW = 0 	./nlb_test 64000 2 3 	          Took 85,715,801,231 nsec 
ASE_DEBUG=0 	WAVEDUMP=0 	ENABLE_CL_VIEW = 0 	./nlb_test 64000 3 0 	          Took 94,866,142,700 nsec 
ASE_DEBUG=0 	WAVEDUMP=0 	ENABLE_CL_VIEW = 0 	./nlb_test 64000 3 1 	          Took 89,138,248,507 nsec 
ASE_DEBUG=0 	WAVEDUMP=0 	ENABLE_CL_VIEW = 0 	./nlb_test 64000 3 3 	          Took 78,316,970,510 nsec 
ASE_DEBUG=0 	WAVEDUMP=0 	ENABLE_CL_VIEW = 1 	./nlb_test 64000 0 0 	          Took 76,537,602,936 nsec 
ASE_DEBUG=0 	WAVEDUMP=0 	ENABLE_CL_VIEW = 1 	./nlb_test 64000 0 1 	          Took 80,024,897,110 nsec 
ASE_DEBUG=0 	WAVEDUMP=0 	ENABLE_CL_VIEW = 1 	./nlb_test 64000 0 3 	          Took 70,278,668,249 nsec 
ASE_DEBUG=0 	WAVEDUMP=0 	ENABLE_CL_VIEW = 1 	./nlb_test 64000 1 0 	          Took 99,085,718,196 nsec 
ASE_DEBUG=0 	WAVEDUMP=0 	ENABLE_CL_VIEW = 1 	./nlb_test 64000 1 1 	          Took 103,649,301,544 nsec 
ASE_DEBUG=0 	WAVEDUMP=0 	ENABLE_CL_VIEW = 1 	./nlb_test 64000 1 3 	          Took 88,836,435,564 nsec 
ASE_DEBUG=0 	WAVEDUMP=0 	ENABLE_CL_VIEW = 1 	./nlb_test 64000 2 0 	          Took 104,523,619,691 nsec 
ASE_DEBUG=0 	WAVEDUMP=0 	ENABLE_CL_VIEW = 1 	./nlb_test 64000 2 1 	          Took 106,519,380,284 nsec 
ASE_DEBUG=0 	WAVEDUMP=0 	ENABLE_CL_VIEW = 1 	./nlb_test 64000 2 3 	          Took 101,170,456,547 nsec 
ASE_DEBUG=0 	WAVEDUMP=0 	ENABLE_CL_VIEW = 1 	./nlb_test 64000 3 0 	          Took 111,993,692,653 nsec 
ASE_DEBUG=0 	WAVEDUMP=0 	ENABLE_CL_VIEW = 1 	./nlb_test 64000 3 1 	          Took 94,311,344,516 nsec 
ASE_DEBUG=0 	WAVEDUMP=0 	ENABLE_CL_VIEW = 1 	./nlb_test 64000 3 3 	          Took 100,384,084,260 nsec 
ASE_DEBUG=0 	WAVEDUMP=1 	ENABLE_CL_VIEW = 0 	./nlb_test 64000 0 0 	          Took 147,527,186,693 nsec 
ASE_DEBUG=0 	WAVEDUMP=1 	ENABLE_CL_VIEW = 0 	./nlb_test 64000 0 1 	          Took 136,689,295,357 nsec 
ASE_DEBUG=0 	WAVEDUMP=1 	ENABLE_CL_VIEW = 0 	./nlb_test 64000 0 3 	          Took 128,894,381,174 nsec 
ASE_DEBUG=0 	WAVEDUMP=1 	ENABLE_CL_VIEW = 0 	./nlb_test 64000 1 0 	          Took 173,717,225,654 nsec 
ASE_DEBUG=0 	WAVEDUMP=1 	ENABLE_CL_VIEW = 0 	./nlb_test 64000 1 1 	          Took 169,949,243,601 nsec 
ASE_DEBUG=0 	WAVEDUMP=1 	ENABLE_CL_VIEW = 0 	./nlb_test 64000 1 3 	          Took 165,586,848,630 nsec 
ASE_DEBUG=0 	WAVEDUMP=1 	ENABLE_CL_VIEW = 0 	./nlb_test 64000 2 0 	          Took 176,133,813,473 nsec 
ASE_DEBUG=0 	WAVEDUMP=1 	ENABLE_CL_VIEW = 0 	./nlb_test 64000 2 1 	          Took 174,029,380,285 nsec 
ASE_DEBUG=0 	WAVEDUMP=1 	ENABLE_CL_VIEW = 0 	./nlb_test 64000 2 3 	          Took 170,364,487,547 nsec 
ASE_DEBUG=0 	WAVEDUMP=1 	ENABLE_CL_VIEW = 0 	./nlb_test 64000 3 0 	          Took 172,773,479,694 nsec 
ASE_DEBUG=0 	WAVEDUMP=1 	ENABLE_CL_VIEW = 0 	./nlb_test 64000 3 1 	          Took 163,987,222,101 nsec 
ASE_DEBUG=0 	WAVEDUMP=1 	ENABLE_CL_VIEW = 0 	./nlb_test 64000 3 3 	          Took 167,289,288,624 nsec 
ASE_DEBUG=0 	WAVEDUMP=1 	ENABLE_CL_VIEW = 1 	./nlb_test 64000 0 0 	          Took 154,444,214,095 nsec 
ASE_DEBUG=0 	WAVEDUMP=1 	ENABLE_CL_VIEW = 1 	./nlb_test 64000 0 1 	          Took 155,800,974,787 nsec 
ASE_DEBUG=0 	WAVEDUMP=1 	ENABLE_CL_VIEW = 1 	./nlb_test 64000 0 3 	          Took 132,854,633,124 nsec 
ASE_DEBUG=0 	WAVEDUMP=1 	ENABLE_CL_VIEW = 1 	./nlb_test 64000 1 0 	          Took 184,343,594,905 nsec 
ASE_DEBUG=0 	WAVEDUMP=1 	ENABLE_CL_VIEW = 1 	./nlb_test 64000 1 1 	          Took 174,788,605,399 nsec 
ASE_DEBUG=0 	WAVEDUMP=1 	ENABLE_CL_VIEW = 1 	./nlb_test 64000 1 3 	          Took 187,351,030,410 nsec 
ASE_DEBUG=0 	WAVEDUMP=1 	ENABLE_CL_VIEW = 1 	./nlb_test 64000 2 0 	          Took 212,623,895,776 nsec 
ASE_DEBUG=0 	WAVEDUMP=1 	ENABLE_CL_VIEW = 1 	./nlb_test 64000 2 1 	          Took 200,607,392,999 nsec 
ASE_DEBUG=0 	WAVEDUMP=1 	ENABLE_CL_VIEW = 1 	./nlb_test 64000 2 3 	          Took 189,785,503,750 nsec 
ASE_DEBUG=0 	WAVEDUMP=1 	ENABLE_CL_VIEW = 1 	./nlb_test 64000 3 0 	          Took 190,718,501,112 nsec 
ASE_DEBUG=0 	WAVEDUMP=1 	ENABLE_CL_VIEW = 1 	./nlb_test 64000 3 1 	          Took 200,652,763,041 nsec 
ASE_DEBUG=0 	WAVEDUMP=1 	ENABLE_CL_VIEW = 1 	./nlb_test 64000 3 3 	          Took 188,184,809,699 nsec 
ASE_DEBUG=1 	WAVEDUMP=0 	ENABLE_CL_VIEW = 0 	./nlb_test 64000 0 0 	          Took 104,133,057,870 nsec 
ASE_DEBUG=1 	WAVEDUMP=0 	ENABLE_CL_VIEW = 0 	./nlb_test 64000 0 1 	          Took 89,466,007,691 nsec 
ASE_DEBUG=1 	WAVEDUMP=0 	ENABLE_CL_VIEW = 0 	./nlb_test 64000 0 3 	          Took 89,246,453,092 nsec 
ASE_DEBUG=1 	WAVEDUMP=0 	ENABLE_CL_VIEW = 0 	./nlb_test 64000 1 0 	          Took 119,505,006,778 nsec 
ASE_DEBUG=1 	WAVEDUMP=0 	ENABLE_CL_VIEW = 0 	./nlb_test 64000 1 1 	          Took 112,523,053,212 nsec 
ASE_DEBUG=1 	WAVEDUMP=0 	ENABLE_CL_VIEW = 0 	./nlb_test 64000 1 3 	          Took 108,655,155,291 nsec 
ASE_DEBUG=1 	WAVEDUMP=0 	ENABLE_CL_VIEW = 0 	./nlb_test 64000 2 0 	          Took 119,140,668,234 nsec 
ASE_DEBUG=1 	WAVEDUMP=0 	ENABLE_CL_VIEW = 0 	./nlb_test 64000 2 1 	          Took 122,258,640,024 nsec 
ASE_DEBUG=1 	WAVEDUMP=0 	ENABLE_CL_VIEW = 0 	./nlb_test 64000 2 3 	          Took 108,073,452,679 nsec 
ASE_DEBUG=1 	WAVEDUMP=0 	ENABLE_CL_VIEW = 0 	./nlb_test 64000 3 0 	          Took 125,901,486,730 nsec 
ASE_DEBUG=1 	WAVEDUMP=0 	ENABLE_CL_VIEW = 0 	./nlb_test 64000 3 1 	          Took 122,452,990,604 nsec 
ASE_DEBUG=1 	WAVEDUMP=0 	ENABLE_CL_VIEW = 0 	./nlb_test 64000 3 3 	          Took 116,600,902,955 nsec 
ASE_DEBUG=1 	WAVEDUMP=0 	ENABLE_CL_VIEW = 1 	./nlb_test 64000 0 0 	          Took 106,090,835,311 nsec 
ASE_DEBUG=1 	WAVEDUMP=0 	ENABLE_CL_VIEW = 1 	./nlb_test 64000 0 1 	          Took 95,611,129,993 nsec 
ASE_DEBUG=1 	WAVEDUMP=0 	ENABLE_CL_VIEW = 1 	./nlb_test 64000 0 3 	          Took 92,827,467,583 nsec 
ASE_DEBUG=1 	WAVEDUMP=0 	ENABLE_CL_VIEW = 1 	./nlb_test 64000 1 0 	          Took 133,421,018,396 nsec 
ASE_DEBUG=1 	WAVEDUMP=0 	ENABLE_CL_VIEW = 1 	./nlb_test 64000 1 1 	          Took 141,592,983,134 nsec 
ASE_DEBUG=1 	WAVEDUMP=0 	ENABLE_CL_VIEW = 1 	./nlb_test 64000 1 3 	          Took 133,870,115,916 nsec 
ASE_DEBUG=1 	WAVEDUMP=0 	ENABLE_CL_VIEW = 1 	./nlb_test 64000 2 0 	          Took 151,267,368,406 nsec 
ASE_DEBUG=1 	WAVEDUMP=0 	ENABLE_CL_VIEW = 1 	./nlb_test 64000 2 1 	          Took 142,884,218,232 nsec 
ASE_DEBUG=1 	WAVEDUMP=0 	ENABLE_CL_VIEW = 1 	./nlb_test 64000 2 3 	          Took 117,111,510,347 nsec 
ASE_DEBUG=1 	WAVEDUMP=0 	ENABLE_CL_VIEW = 1 	./nlb_test 64000 3 0 	          Took 151,795,064,604 nsec 
ASE_DEBUG=1 	WAVEDUMP=0 	ENABLE_CL_VIEW = 1 	./nlb_test 64000 3 1 	          Took 125,825,269,926 nsec 
ASE_DEBUG=1 	WAVEDUMP=0 	ENABLE_CL_VIEW = 1 	./nlb_test 64000 3 3 	          Took 116,600,662,947 nsec 
ASE_DEBUG=1 	WAVEDUMP=1 	ENABLE_CL_VIEW = 0 	./nlb_test 64000 0 0 	          Took 170,820,780,422 nsec 
ASE_DEBUG=1 	WAVEDUMP=1 	ENABLE_CL_VIEW = 0 	./nlb_test 64000 0 1 	          Took 160,674,188,913 nsec 
ASE_DEBUG=1 	WAVEDUMP=1 	ENABLE_CL_VIEW = 0 	./nlb_test 64000 0 3 	          Took 147,418,350,615 nsec 
ASE_DEBUG=1 	WAVEDUMP=1 	ENABLE_CL_VIEW = 0 	./nlb_test 64000 1 0 	          Took 212,206,933,006 nsec 
ASE_DEBUG=1 	WAVEDUMP=1 	ENABLE_CL_VIEW = 0 	./nlb_test 64000 1 1 	          Took 215,139,585,765 nsec 
ASE_DEBUG=1 	WAVEDUMP=1 	ENABLE_CL_VIEW = 0 	./nlb_test 64000 1 3 	          Took 191,426,275,284 nsec 
ASE_DEBUG=1 	WAVEDUMP=1 	ENABLE_CL_VIEW = 0 	./nlb_test 64000 2 0 	          Took 210,178,332,547 nsec 
ASE_DEBUG=1 	WAVEDUMP=1 	ENABLE_CL_VIEW = 0 	./nlb_test 64000 2 1 	          Took 216,457,803,579 nsec 
ASE_DEBUG=1 	WAVEDUMP=1 	ENABLE_CL_VIEW = 0 	./nlb_test 64000 2 3 	          Took 191,948,117,402 nsec 
ASE_DEBUG=1 	WAVEDUMP=1 	ENABLE_CL_VIEW = 0 	./nlb_test 64000 3 0 	          Took 228,403,174,686 nsec 
ASE_DEBUG=1 	WAVEDUMP=1 	ENABLE_CL_VIEW = 0 	./nlb_test 64000 3 1 	          Took 215,598,419,905 nsec 
ASE_DEBUG=1 	WAVEDUMP=1 	ENABLE_CL_VIEW = 0 	./nlb_test 64000 3 3 	          Took 187,714,126,028 nsec 
ASE_DEBUG=1 	WAVEDUMP=1 	ENABLE_CL_VIEW = 1 	./nlb_test 64000 0 0 	          Took 187,805,315,370 nsec 
ASE_DEBUG=1 	WAVEDUMP=1 	ENABLE_CL_VIEW = 1 	./nlb_test 64000 0 1 	          Took 164,791,291,639 nsec 
ASE_DEBUG=1 	WAVEDUMP=1 	ENABLE_CL_VIEW = 1 	./nlb_test 64000 0 3 	          Took 161,420,734,459 nsec 
ASE_DEBUG=1 	WAVEDUMP=1 	ENABLE_CL_VIEW = 1 	./nlb_test 64000 1 0 	          Took 223,243,542,463 nsec 
ASE_DEBUG=1 	WAVEDUMP=1 	ENABLE_CL_VIEW = 1 	./nlb_test 64000 1 1 	          Took 240,343,897,547 nsec 
ASE_DEBUG=1 	WAVEDUMP=1 	ENABLE_CL_VIEW = 1 	./nlb_test 64000 1 3 	          Took 225,335,491,500 nsec 
ASE_DEBUG=1 	WAVEDUMP=1 	ENABLE_CL_VIEW = 1 	./nlb_test 64000 2 0 	          Took 259,077,158,496 nsec 
ASE_DEBUG=1 	WAVEDUMP=1 	ENABLE_CL_VIEW = 1 	./nlb_test 64000 2 1 	          Took 215,405,877,685 nsec 
ASE_DEBUG=1 	WAVEDUMP=1 	ENABLE_CL_VIEW = 1 	./nlb_test 64000 2 3 	          Took 227,794,993,847 nsec 
ASE_DEBUG=1 	WAVEDUMP=1 	ENABLE_CL_VIEW = 1 	./nlb_test 64000 3 0 	          Took 230,733,599,057 nsec 
ASE_DEBUG=1 	WAVEDUMP=1 	ENABLE_CL_VIEW = 1 	./nlb_test 64000 3 1 	          Took 238,712,086,110 nsec 
ASE_DEBUG=1 	WAVEDUMP=1 	ENABLE_CL_VIEW = 1 	./nlb_test 64000 3 3 	          Took 229,334,828,635 nsec 
