ASE_DEBUG=0 	WAVEDUMP=0 	ENABLE_CL_VIEW = 0 	./nlb_test 64000 0 0 	          Took 153,983,550,749 nsec 
ASE_DEBUG=0 	WAVEDUMP=0 	ENABLE_CL_VIEW = 0 	./nlb_test 64000 0 1 	          Took 101,105,178,683 nsec 
ASE_DEBUG=0 	WAVEDUMP=0 	ENABLE_CL_VIEW = 0 	./nlb_test 64000 0 3 	          Took 75,489,865,244 nsec 
ASE_DEBUG=0 	WAVEDUMP=0 	ENABLE_CL_VIEW = 0 	./nlb_test 64000 1 0 	          Took 90,971,993,327 nsec 
ASE_DEBUG=0 	WAVEDUMP=0 	ENABLE_CL_VIEW = 0 	./nlb_test 64000 1 1 	          Took 88,086,983,142 nsec 
ASE_DEBUG=0 	WAVEDUMP=0 	ENABLE_CL_VIEW = 0 	./nlb_test 64000 1 3 	          Took 88,131,134,651 nsec 
ASE_DEBUG=0 	WAVEDUMP=0 	ENABLE_CL_VIEW = 0 	./nlb_test 64000 2 0 	          Took 217,256,183,140 nsec 
ASE_DEBUG=0 	WAVEDUMP=0 	ENABLE_CL_VIEW = 0 	./nlb_test 64000 2 1 	          Took 120,983,838,103 nsec 
ASE_DEBUG=0 	WAVEDUMP=0 	ENABLE_CL_VIEW = 0 	./nlb_test 64000 2 3 	          Took 84,840,444,214 nsec 
ASE_DEBUG=0 	WAVEDUMP=0 	ENABLE_CL_VIEW = 0 	./nlb_test 64000 3 0 	          Took 211,117,860,373 nsec 
ASE_DEBUG=0 	WAVEDUMP=0 	ENABLE_CL_VIEW = 0 	./nlb_test 64000 3 1 	          Took 120,877,867,301 nsec 
ASE_DEBUG=0 	WAVEDUMP=0 	ENABLE_CL_VIEW = 0 	./nlb_test 64000 3 3 	          Took 83,883,245,733 nsec 
ASE_DEBUG=0 	WAVEDUMP=0 	ENABLE_CL_VIEW = 1 	./nlb_test 64000 0 0 	          Took 176,240,883,096 nsec 
ASE_DEBUG=0 	WAVEDUMP=0 	ENABLE_CL_VIEW = 1 	./nlb_test 64000 0 1 	          Took 116,111,522,801 nsec 
ASE_DEBUG=0 	WAVEDUMP=0 	ENABLE_CL_VIEW = 1 	./nlb_test 64000 0 3 	          Took 86,823,193,674 nsec 
ASE_DEBUG=0 	WAVEDUMP=0 	ENABLE_CL_VIEW = 1 	./nlb_test 64000 1 0 	          Took 108,467,574,700 nsec 
ASE_DEBUG=0 	WAVEDUMP=0 	ENABLE_CL_VIEW = 1 	./nlb_test 64000 1 1 	          Took 105,146,150,174 nsec 
ASE_DEBUG=0 	WAVEDUMP=0 	ENABLE_CL_VIEW = 1 	./nlb_test 64000 1 3 	          Took 101,575,158,941 nsec 
ASE_DEBUG=0 	WAVEDUMP=0 	ENABLE_CL_VIEW = 1 	./nlb_test 64000 2 0 	          Took 234,910,103,615 nsec 
ASE_DEBUG=0 	WAVEDUMP=0 	ENABLE_CL_VIEW = 1 	./nlb_test 64000 2 1 	          Took 140,623,469,128 nsec 
ASE_DEBUG=0 	WAVEDUMP=0 	ENABLE_CL_VIEW = 1 	./nlb_test 64000 2 3 	          Took 99,821,271,152 nsec 
ASE_DEBUG=0 	WAVEDUMP=0 	ENABLE_CL_VIEW = 1 	./nlb_test 64000 3 0 	          Took 247,246,091,335 nsec 
ASE_DEBUG=0 	WAVEDUMP=0 	ENABLE_CL_VIEW = 1 	./nlb_test 64000 3 1 	          Took 139,379,188,674 nsec 
ASE_DEBUG=0 	WAVEDUMP=0 	ENABLE_CL_VIEW = 1 	./nlb_test 64000 3 3 	          Took 99,197,063,888 nsec 
ASE_DEBUG=0 	WAVEDUMP=1 	ENABLE_CL_VIEW = 0 	./nlb_test 64000 0 0 	          Took 272,748,431,485 nsec 
ASE_DEBUG=0 	WAVEDUMP=1 	ENABLE_CL_VIEW = 0 	./nlb_test 64000 0 1 	          Took 182,522,846,284 nsec 
ASE_DEBUG=0 	WAVEDUMP=1 	ENABLE_CL_VIEW = 0 	./nlb_test 64000 0 3 	          Took 140,684,778,043 nsec 
ASE_DEBUG=0 	WAVEDUMP=1 	ENABLE_CL_VIEW = 0 	./nlb_test 64000 1 0 	          Took 168,412,725,689 nsec 
ASE_DEBUG=0 	WAVEDUMP=1 	ENABLE_CL_VIEW = 0 	./nlb_test 64000 1 1 	          Took 163,773,656,590 nsec 
ASE_DEBUG=0 	WAVEDUMP=1 	ENABLE_CL_VIEW = 0 	./nlb_test 64000 1 3 	          Took 160,396,802,832 nsec 
ASE_DEBUG=0 	WAVEDUMP=1 	ENABLE_CL_VIEW = 0 	./nlb_test 64000 2 0 	          Took 372,770,268,560 nsec 
ASE_DEBUG=0 	WAVEDUMP=1 	ENABLE_CL_VIEW = 0 	./nlb_test 64000 2 1 	          Took 221,729,251,369 nsec 
ASE_DEBUG=0 	WAVEDUMP=1 	ENABLE_CL_VIEW = 0 	./nlb_test 64000 2 3 	          Took 155,737,090,910 nsec 
ASE_DEBUG=0 	WAVEDUMP=1 	ENABLE_CL_VIEW = 0 	./nlb_test 64000 3 0 	          Took 379,763,483,845 nsec 
ASE_DEBUG=0 	WAVEDUMP=1 	ENABLE_CL_VIEW = 0 	./nlb_test 64000 3 1 	          Took 212,146,887,323 nsec 
ASE_DEBUG=0 	WAVEDUMP=1 	ENABLE_CL_VIEW = 0 	./nlb_test 64000 3 3 	          Took 153,524,130,162 nsec 
ASE_DEBUG=0 	WAVEDUMP=1 	ENABLE_CL_VIEW = 1 	./nlb_test 64000 0 0 	          Took 303,589,668,537 nsec 
ASE_DEBUG=0 	WAVEDUMP=1 	ENABLE_CL_VIEW = 1 	./nlb_test 64000 0 1 	          Took 208,079,216,915 nsec 
ASE_DEBUG=0 	WAVEDUMP=1 	ENABLE_CL_VIEW = 1 	./nlb_test 64000 0 3 	          Took 152,409,818,671 nsec 
ASE_DEBUG=0 	WAVEDUMP=1 	ENABLE_CL_VIEW = 1 	./nlb_test 64000 1 0 	          Took 191,061,749,954 nsec 
ASE_DEBUG=0 	WAVEDUMP=1 	ENABLE_CL_VIEW = 1 	./nlb_test 64000 1 1 	          Took 185,012,386,562 nsec 
ASE_DEBUG=0 	WAVEDUMP=1 	ENABLE_CL_VIEW = 1 	./nlb_test 64000 1 3 	          Took 173,677,573,132 nsec 
ASE_DEBUG=0 	WAVEDUMP=1 	ENABLE_CL_VIEW = 1 	./nlb_test 64000 2 0 	          Took 416,745,324,406 nsec 
ASE_DEBUG=0 	WAVEDUMP=1 	ENABLE_CL_VIEW = 1 	./nlb_test 64000 2 1 	          Took 242,845,801,996 nsec 
ASE_DEBUG=0 	WAVEDUMP=1 	ENABLE_CL_VIEW = 1 	./nlb_test 64000 2 3 	          Took 171,788,251,597 nsec 
ASE_DEBUG=0 	WAVEDUMP=1 	ENABLE_CL_VIEW = 1 	./nlb_test 64000 3 0 	          Took 414,929,399,825 nsec 
ASE_DEBUG=0 	WAVEDUMP=1 	ENABLE_CL_VIEW = 1 	./nlb_test 64000 3 1 	          Took 241,798,083,501 nsec 
ASE_DEBUG=0 	WAVEDUMP=1 	ENABLE_CL_VIEW = 1 	./nlb_test 64000 3 3 	          Took 174,594,628,930 nsec 
ASE_DEBUG=1 	WAVEDUMP=0 	ENABLE_CL_VIEW = 0 	./nlb_test 64000 0 0 	          Took 216,921,869,543 nsec 
ASE_DEBUG=1 	WAVEDUMP=0 	ENABLE_CL_VIEW = 0 	./nlb_test 64000 0 1 	          Took 145,543,077,710 nsec 
ASE_DEBUG=1 	WAVEDUMP=0 	ENABLE_CL_VIEW = 0 	./nlb_test 64000 0 3 	          Took 111,308,508,811 nsec 
ASE_DEBUG=1 	WAVEDUMP=0 	ENABLE_CL_VIEW = 0 	./nlb_test 64000 1 0 	          Took 128,381,750,281 nsec 
ASE_DEBUG=1 	WAVEDUMP=0 	ENABLE_CL_VIEW = 0 	./nlb_test 64000 1 1 	          Took 129,544,820,709 nsec 
ASE_DEBUG=1 	WAVEDUMP=0 	ENABLE_CL_VIEW = 0 	./nlb_test 64000 1 3 	          Took 126,216,460,851 nsec 
ASE_DEBUG=1 	WAVEDUMP=0 	ENABLE_CL_VIEW = 0 	./nlb_test 64000 2 0 	          Took 298,769,172,153 nsec 
ASE_DEBUG=1 	WAVEDUMP=0 	ENABLE_CL_VIEW = 0 	./nlb_test 64000 2 1 	          Took 168,045,657,807 nsec 
ASE_DEBUG=1 	WAVEDUMP=0 	ENABLE_CL_VIEW = 0 	./nlb_test 64000 2 3 	          Took 117,719,329,415 nsec 
ASE_DEBUG=1 	WAVEDUMP=0 	ENABLE_CL_VIEW = 0 	./nlb_test 64000 3 0 	          Took 292,738,174,453 nsec 
ASE_DEBUG=1 	WAVEDUMP=0 	ENABLE_CL_VIEW = 0 	./nlb_test 64000 3 1 	          Took 166,457,561,334 nsec 
ASE_DEBUG=1 	WAVEDUMP=0 	ENABLE_CL_VIEW = 0 	./nlb_test 64000 3 3 	          Took 118,861,180,172 nsec 
ASE_DEBUG=1 	WAVEDUMP=0 	ENABLE_CL_VIEW = 1 	./nlb_test 64000 0 0 	          Took 234,581,452,895 nsec 
ASE_DEBUG=1 	WAVEDUMP=0 	ENABLE_CL_VIEW = 1 	./nlb_test 64000 0 1 	          Took 161,700,215,233 nsec 
ASE_DEBUG=1 	WAVEDUMP=0 	ENABLE_CL_VIEW = 1 	./nlb_test 64000 0 3 	          Took 123,973,575,140 nsec 
ASE_DEBUG=1 	WAVEDUMP=0 	ENABLE_CL_VIEW = 1 	./nlb_test 64000 1 0 	          Took 150,971,590,716 nsec 
ASE_DEBUG=1 	WAVEDUMP=0 	ENABLE_CL_VIEW = 1 	./nlb_test 64000 1 1 	          Took 143,175,700,405 nsec 
ASE_DEBUG=1 	WAVEDUMP=0 	ENABLE_CL_VIEW = 1 	./nlb_test 64000 1 3 	          Took 134,565,952,067 nsec 
ASE_DEBUG=1 	WAVEDUMP=0 	ENABLE_CL_VIEW = 1 	./nlb_test 64000 2 0 	          Took 336,368,076,495 nsec 
ASE_DEBUG=1 	WAVEDUMP=0 	ENABLE_CL_VIEW = 1 	./nlb_test 64000 2 1 	          Took 179,928,251,493 nsec 
ASE_DEBUG=1 	WAVEDUMP=0 	ENABLE_CL_VIEW = 1 	./nlb_test 64000 2 3 	          Took 138,666,241,213 nsec 
ASE_DEBUG=1 	WAVEDUMP=0 	ENABLE_CL_VIEW = 1 	./nlb_test 64000 3 0 	          Took 326,244,185,484 nsec 
ASE_DEBUG=1 	WAVEDUMP=0 	ENABLE_CL_VIEW = 1 	./nlb_test 64000 3 1 	          Took 181,609,260,856 nsec 
ASE_DEBUG=1 	WAVEDUMP=0 	ENABLE_CL_VIEW = 1 	./nlb_test 64000 3 3 	          Took 135,664,312,596 nsec 
ASE_DEBUG=1 	WAVEDUMP=1 	ENABLE_CL_VIEW = 0 	./nlb_test 64000 0 0 	          Took 348,223,107,848 nsec 
ASE_DEBUG=1 	WAVEDUMP=1 	ENABLE_CL_VIEW = 0 	./nlb_test 64000 0 1 	          Took 227,473,940,752 nsec 
ASE_DEBUG=1 	WAVEDUMP=1 	ENABLE_CL_VIEW = 0 	./nlb_test 64000 0 3 	          Took 180,662,314,826 nsec 
ASE_DEBUG=1 	WAVEDUMP=1 	ENABLE_CL_VIEW = 0 	./nlb_test 64000 1 0 	          Took 214,527,734,880 nsec 
ASE_DEBUG=1 	WAVEDUMP=1 	ENABLE_CL_VIEW = 0 	./nlb_test 64000 1 1 	          Took 214,144,379,003 nsec 
ASE_DEBUG=1 	WAVEDUMP=1 	ENABLE_CL_VIEW = 0 	./nlb_test 64000 1 3 	          Took 201,170,484,892 nsec 
ASE_DEBUG=1 	WAVEDUMP=1 	ENABLE_CL_VIEW = 0 	./nlb_test 64000 2 0 	          Took 467,425,499,467 nsec 
ASE_DEBUG=1 	WAVEDUMP=1 	ENABLE_CL_VIEW = 0 	./nlb_test 64000 2 1 	          Took 268,412,560,477 nsec 
ASE_DEBUG=1 	WAVEDUMP=1 	ENABLE_CL_VIEW = 0 	./nlb_test 64000 2 3 	          Took 201,577,331,991 nsec 
ASE_DEBUG=1 	WAVEDUMP=1 	ENABLE_CL_VIEW = 0 	./nlb_test 64000 3 0 	          Took 474,643,918,009 nsec 
ASE_DEBUG=1 	WAVEDUMP=1 	ENABLE_CL_VIEW = 0 	./nlb_test 64000 3 1 	          Took 272,101,616,985 nsec 
ASE_DEBUG=1 	WAVEDUMP=1 	ENABLE_CL_VIEW = 0 	./nlb_test 64000 3 3 	          Took 198,382,529,949 nsec 
ASE_DEBUG=1 	WAVEDUMP=1 	ENABLE_CL_VIEW = 1 	./nlb_test 64000 0 0 	          Took 392,573,718,887 nsec 
ASE_DEBUG=1 	WAVEDUMP=1 	ENABLE_CL_VIEW = 1 	./nlb_test 64000 0 1 	          Took 267,483,089,262 nsec 
ASE_DEBUG=1 	WAVEDUMP=1 	ENABLE_CL_VIEW = 1 	./nlb_test 64000 0 3 	          Took 201,498,301,069 nsec 
ASE_DEBUG=1 	WAVEDUMP=1 	ENABLE_CL_VIEW = 1 	./nlb_test 64000 1 0 	          Took 237,823,692,782 nsec 
ASE_DEBUG=1 	WAVEDUMP=1 	ENABLE_CL_VIEW = 1 	./nlb_test 64000 1 1 	          Took 229,241,077,286 nsec 
ASE_DEBUG=1 	WAVEDUMP=1 	ENABLE_CL_VIEW = 1 	./nlb_test 64000 1 3 	          Took 222,431,935,358 nsec 
ASE_DEBUG=1 	WAVEDUMP=1 	ENABLE_CL_VIEW = 1 	./nlb_test 64000 2 0 	          Took 519,399,218,776 nsec 
ASE_DEBUG=1 	WAVEDUMP=1 	ENABLE_CL_VIEW = 1 	./nlb_test 64000 2 1 	          Took 311,535,690,904 nsec 
ASE_DEBUG=1 	WAVEDUMP=1 	ENABLE_CL_VIEW = 1 	./nlb_test 64000 2 3 	          Took 206,863,697,055 nsec 
ASE_DEBUG=1 	WAVEDUMP=1 	ENABLE_CL_VIEW = 1 	./nlb_test 64000 3 0 	          Took 525,329,138,200 nsec 
ASE_DEBUG=1 	WAVEDUMP=1 	ENABLE_CL_VIEW = 1 	./nlb_test 64000 3 1 	          Took 304,972,069,738 nsec 
ASE_DEBUG=1 	WAVEDUMP=1 	ENABLE_CL_VIEW = 1 	./nlb_test 64000 3 3 	          Took 211,454,404,742 nsec 
