ASE_DEBUG=0 	WAVEDUMP=0 	ENABLE_CL_VIEW = 0 	./nlb_test 64000 0 0 	          Took 153,427,400,473 nsec 
ASE_DEBUG=0 	WAVEDUMP=0 	ENABLE_CL_VIEW = 0 	./nlb_test 64000 0 1 	          Took 100,621,819,548 nsec 
ASE_DEBUG=0 	WAVEDUMP=0 	ENABLE_CL_VIEW = 0 	./nlb_test 64000 0 3 	          Took 75,192,791,166 nsec 
ASE_DEBUG=0 	WAVEDUMP=0 	ENABLE_CL_VIEW = 0 	./nlb_test 64000 1 0 	          Took 89,809,462,865 nsec 
ASE_DEBUG=0 	WAVEDUMP=0 	ENABLE_CL_VIEW = 0 	./nlb_test 64000 1 1 	          Took 87,298,961,056 nsec 
ASE_DEBUG=0 	WAVEDUMP=0 	ENABLE_CL_VIEW = 0 	./nlb_test 64000 1 3 	          Took 86,178,726,479 nsec 
ASE_DEBUG=0 	WAVEDUMP=0 	ENABLE_CL_VIEW = 0 	./nlb_test 64000 2 0 	          Took 214,385,691,667 nsec 
ASE_DEBUG=0 	WAVEDUMP=0 	ENABLE_CL_VIEW = 0 	./nlb_test 64000 2 1 	          Took 120,209,299,021 nsec 
ASE_DEBUG=0 	WAVEDUMP=0 	ENABLE_CL_VIEW = 0 	./nlb_test 64000 2 3 	          Took 82,693,471,655 nsec 
ASE_DEBUG=0 	WAVEDUMP=0 	ENABLE_CL_VIEW = 0 	./nlb_test 64000 3 0 	          Took 210,820,435,186 nsec 
ASE_DEBUG=0 	WAVEDUMP=0 	ENABLE_CL_VIEW = 0 	./nlb_test 64000 3 1 	          Took 118,987,890,580 nsec 
ASE_DEBUG=0 	WAVEDUMP=0 	ENABLE_CL_VIEW = 0 	./nlb_test 64000 3 3 	          Took 82,694,392,742 nsec 
ASE_DEBUG=0 	WAVEDUMP=0 	ENABLE_CL_VIEW = 1 	./nlb_test 64000 0 0 	          Took 176,966,260,242 nsec 
ASE_DEBUG=0 	WAVEDUMP=0 	ENABLE_CL_VIEW = 1 	./nlb_test 64000 0 1 	          Took 110,356,305,508 nsec 
ASE_DEBUG=0 	WAVEDUMP=0 	ENABLE_CL_VIEW = 1 	./nlb_test 64000 0 3 	          Took 90,829,782,506 nsec 
ASE_DEBUG=0 	WAVEDUMP=0 	ENABLE_CL_VIEW = 1 	./nlb_test 64000 1 0 	          Took 104,639,571,505 nsec 
ASE_DEBUG=0 	WAVEDUMP=0 	ENABLE_CL_VIEW = 1 	./nlb_test 64000 1 1 	          Took 101,865,620,976 nsec 
ASE_DEBUG=0 	WAVEDUMP=0 	ENABLE_CL_VIEW = 1 	./nlb_test 64000 1 3 	          Took 100,718,624,694 nsec 
ASE_DEBUG=0 	WAVEDUMP=0 	ENABLE_CL_VIEW = 1 	./nlb_test 64000 2 0 	          Took 236,045,940,912 nsec 
ASE_DEBUG=0 	WAVEDUMP=0 	ENABLE_CL_VIEW = 1 	./nlb_test 64000 2 1 	          Took 135,481,990,507 nsec 
ASE_DEBUG=0 	WAVEDUMP=0 	ENABLE_CL_VIEW = 1 	./nlb_test 64000 2 3 	          Took 97,720,326,591 nsec 
ASE_DEBUG=0 	WAVEDUMP=0 	ENABLE_CL_VIEW = 1 	./nlb_test 64000 3 0 	          Took 244,794,208,638 nsec 
ASE_DEBUG=0 	WAVEDUMP=0 	ENABLE_CL_VIEW = 1 	./nlb_test 64000 3 1 	          Took 142,380,788,763 nsec 
ASE_DEBUG=0 	WAVEDUMP=0 	ENABLE_CL_VIEW = 1 	./nlb_test 64000 3 3 	          Took 98,480,801,005 nsec 
ASE_DEBUG=0 	WAVEDUMP=1 	ENABLE_CL_VIEW = 0 	./nlb_test 64000 0 0 	          Took 278,406,504,692 nsec 
ASE_DEBUG=0 	WAVEDUMP=1 	ENABLE_CL_VIEW = 0 	./nlb_test 64000 0 1 	          Took 190,693,294,268 nsec 
ASE_DEBUG=0 	WAVEDUMP=1 	ENABLE_CL_VIEW = 0 	./nlb_test 64000 0 3 	          Took 139,562,930,945 nsec 
ASE_DEBUG=0 	WAVEDUMP=1 	ENABLE_CL_VIEW = 0 	./nlb_test 64000 1 0 	          Took 166,526,305,727 nsec 
ASE_DEBUG=0 	WAVEDUMP=1 	ENABLE_CL_VIEW = 0 	./nlb_test 64000 1 1 	          Took 161,126,715,621 nsec 
ASE_DEBUG=0 	WAVEDUMP=1 	ENABLE_CL_VIEW = 0 	./nlb_test 64000 1 3 	          Took 162,640,805,879 nsec 
ASE_DEBUG=0 	WAVEDUMP=1 	ENABLE_CL_VIEW = 0 	./nlb_test 64000 2 0 	          Took 382,785,139,630 nsec 
ASE_DEBUG=0 	WAVEDUMP=1 	ENABLE_CL_VIEW = 0 	./nlb_test 64000 2 1 	          Took 218,845,755,320 nsec 
ASE_DEBUG=0 	WAVEDUMP=1 	ENABLE_CL_VIEW = 0 	./nlb_test 64000 2 3 	          Took 158,234,952,553 nsec 
ASE_DEBUG=0 	WAVEDUMP=1 	ENABLE_CL_VIEW = 0 	./nlb_test 64000 3 0 	          Took 367,071,782,987 nsec 
ASE_DEBUG=0 	WAVEDUMP=1 	ENABLE_CL_VIEW = 0 	./nlb_test 64000 3 1 	          Took 221,583,407,092 nsec 
ASE_DEBUG=0 	WAVEDUMP=1 	ENABLE_CL_VIEW = 0 	./nlb_test 64000 3 3 	          Took 154,079,431,290 nsec 
ASE_DEBUG=0 	WAVEDUMP=1 	ENABLE_CL_VIEW = 1 	./nlb_test 64000 0 0 	          Took 299,234,869,483 nsec 
ASE_DEBUG=0 	WAVEDUMP=1 	ENABLE_CL_VIEW = 1 	./nlb_test 64000 0 1 	          Took 205,958,419,758 nsec 
ASE_DEBUG=0 	WAVEDUMP=1 	ENABLE_CL_VIEW = 1 	./nlb_test 64000 0 3 	          Took 156,664,894,255 nsec 
ASE_DEBUG=0 	WAVEDUMP=1 	ENABLE_CL_VIEW = 1 	./nlb_test 64000 1 0 	          Took 178,261,608,544 nsec 
ASE_DEBUG=0 	WAVEDUMP=1 	ENABLE_CL_VIEW = 1 	./nlb_test 64000 1 1 	          Took 192,413,796,718 nsec 
ASE_DEBUG=0 	WAVEDUMP=1 	ENABLE_CL_VIEW = 1 	./nlb_test 64000 1 3 	          Took 186,693,867,718 nsec 
ASE_DEBUG=0 	WAVEDUMP=1 	ENABLE_CL_VIEW = 1 	./nlb_test 64000 2 0 	          Took 414,889,946,658 nsec 
ASE_DEBUG=0 	WAVEDUMP=1 	ENABLE_CL_VIEW = 1 	./nlb_test 64000 2 1 	          Took 241,463,754,056 nsec 
ASE_DEBUG=0 	WAVEDUMP=1 	ENABLE_CL_VIEW = 1 	./nlb_test 64000 2 3 	          Took 171,354,153,213 nsec 
ASE_DEBUG=0 	WAVEDUMP=1 	ENABLE_CL_VIEW = 1 	./nlb_test 64000 3 0 	          Took 414,677,277,846 nsec 
ASE_DEBUG=0 	WAVEDUMP=1 	ENABLE_CL_VIEW = 1 	./nlb_test 64000 3 1 	          Took 238,514,511,750 nsec 
ASE_DEBUG=0 	WAVEDUMP=1 	ENABLE_CL_VIEW = 1 	./nlb_test 64000 3 3 	          Took 177,160,464,077 nsec 
ASE_DEBUG=1 	WAVEDUMP=0 	ENABLE_CL_VIEW = 0 	./nlb_test 64000 0 0 	          Took 214,114,274,381 nsec 
ASE_DEBUG=1 	WAVEDUMP=0 	ENABLE_CL_VIEW = 0 	./nlb_test 64000 0 1 	          Took 144,697,376,288 nsec 
ASE_DEBUG=1 	WAVEDUMP=0 	ENABLE_CL_VIEW = 0 	./nlb_test 64000 0 3 	          Took 112,637,148,690 nsec 
ASE_DEBUG=1 	WAVEDUMP=0 	ENABLE_CL_VIEW = 0 	./nlb_test 64000 1 0 	          Took 129,257,768,847 nsec 
ASE_DEBUG=1 	WAVEDUMP=0 	ENABLE_CL_VIEW = 0 	./nlb_test 64000 1 1 	          Took 126,515,504,170 nsec 
ASE_DEBUG=1 	WAVEDUMP=0 	ENABLE_CL_VIEW = 0 	./nlb_test 64000 1 3 	          Took 123,215,010,841 nsec 
ASE_DEBUG=1 	WAVEDUMP=0 	ENABLE_CL_VIEW = 0 	./nlb_test 64000 2 0 	          Took 299,663,335,552 nsec 
ASE_DEBUG=1 	WAVEDUMP=0 	ENABLE_CL_VIEW = 0 	./nlb_test 64000 2 1 	          Took 170,963,849,527 nsec 
ASE_DEBUG=1 	WAVEDUMP=0 	ENABLE_CL_VIEW = 0 	./nlb_test 64000 2 3 	          Took 116,735,522,148 nsec 
ASE_DEBUG=1 	WAVEDUMP=0 	ENABLE_CL_VIEW = 0 	./nlb_test 64000 3 0 	          Took 285,166,286,725 nsec 
ASE_DEBUG=1 	WAVEDUMP=0 	ENABLE_CL_VIEW = 0 	./nlb_test 64000 3 1 	          Took 167,785,293,742 nsec 
ASE_DEBUG=1 	WAVEDUMP=0 	ENABLE_CL_VIEW = 0 	./nlb_test 64000 3 3 	          Took 113,822,278,056 nsec 
ASE_DEBUG=1 	WAVEDUMP=0 	ENABLE_CL_VIEW = 1 	./nlb_test 64000 0 0 	          Took 247,255,239,534 nsec 
ASE_DEBUG=1 	WAVEDUMP=0 	ENABLE_CL_VIEW = 1 	./nlb_test 64000 0 1 	          Took 165,658,650,139 nsec 
ASE_DEBUG=1 	WAVEDUMP=0 	ENABLE_CL_VIEW = 1 	./nlb_test 64000 0 3 	          Took 126,340,813,256 nsec 
ASE_DEBUG=1 	WAVEDUMP=0 	ENABLE_CL_VIEW = 1 	./nlb_test 64000 1 0 	          Took 149,172,543,066 nsec 
ASE_DEBUG=1 	WAVEDUMP=0 	ENABLE_CL_VIEW = 1 	./nlb_test 64000 1 1 	          Took 145,519,155,100 nsec 
ASE_DEBUG=1 	WAVEDUMP=0 	ENABLE_CL_VIEW = 1 	./nlb_test 64000 1 3 	          Took 138,835,491,176 nsec 
ASE_DEBUG=1 	WAVEDUMP=0 	ENABLE_CL_VIEW = 1 	./nlb_test 64000 2 0 	          Took 329,540,243,736 nsec 
ASE_DEBUG=1 	WAVEDUMP=0 	ENABLE_CL_VIEW = 1 	./nlb_test 64000 2 1 	          Took 187,926,271,777 nsec 
ASE_DEBUG=1 	WAVEDUMP=0 	ENABLE_CL_VIEW = 1 	./nlb_test 64000 2 3 	          Took 137,662,674,504 nsec 
ASE_DEBUG=1 	WAVEDUMP=0 	ENABLE_CL_VIEW = 1 	./nlb_test 64000 3 0 	          Took 328,651,261,733 nsec 
ASE_DEBUG=1 	WAVEDUMP=0 	ENABLE_CL_VIEW = 1 	./nlb_test 64000 3 1 	          Took 188,906,140,378 nsec 
ASE_DEBUG=1 	WAVEDUMP=0 	ENABLE_CL_VIEW = 1 	./nlb_test 64000 3 3 	          Took 138,664,217,429 nsec 
ASE_DEBUG=1 	WAVEDUMP=1 	ENABLE_CL_VIEW = 0 	./nlb_test 64000 0 0 	          Took 351,005,169,457 nsec 
ASE_DEBUG=1 	WAVEDUMP=1 	ENABLE_CL_VIEW = 0 	./nlb_test 64000 0 1 	          Took 237,936,500,899 nsec 
ASE_DEBUG=1 	WAVEDUMP=1 	ENABLE_CL_VIEW = 0 	./nlb_test 64000 0 3 	          Took 181,052,610,824 nsec 
ASE_DEBUG=1 	WAVEDUMP=1 	ENABLE_CL_VIEW = 0 	./nlb_test 64000 1 0 	          Took 214,573,649,664 nsec 
ASE_DEBUG=1 	WAVEDUMP=1 	ENABLE_CL_VIEW = 0 	./nlb_test 64000 1 1 	          Took 213,403,216,442 nsec 
ASE_DEBUG=1 	WAVEDUMP=1 	ENABLE_CL_VIEW = 0 	./nlb_test 64000 1 3 	          Took 207,716,610,291 nsec 
ASE_DEBUG=1 	WAVEDUMP=1 	ENABLE_CL_VIEW = 0 	./nlb_test 64000 2 0 	          Took 466,051,073,874 nsec 
ASE_DEBUG=1 	WAVEDUMP=1 	ENABLE_CL_VIEW = 0 	./nlb_test 64000 2 1 	          Took 280,495,074,281 nsec 
ASE_DEBUG=1 	WAVEDUMP=1 	ENABLE_CL_VIEW = 0 	./nlb_test 64000 2 3 	          Took 200,345,787,527 nsec 
ASE_DEBUG=1 	WAVEDUMP=1 	ENABLE_CL_VIEW = 0 	./nlb_test 64000 3 0 	          Took 477,875,692,297 nsec 
ASE_DEBUG=1 	WAVEDUMP=1 	ENABLE_CL_VIEW = 0 	./nlb_test 64000 3 1 	          Took 280,666,269,155 nsec 
ASE_DEBUG=1 	WAVEDUMP=1 	ENABLE_CL_VIEW = 0 	./nlb_test 64000 3 3 	          Took 200,485,306,499 nsec 
ASE_DEBUG=1 	WAVEDUMP=1 	ENABLE_CL_VIEW = 1 	./nlb_test 64000 0 0 	          Took 390,464,947,637 nsec 
ASE_DEBUG=1 	WAVEDUMP=1 	ENABLE_CL_VIEW = 1 	./nlb_test 64000 0 1 	          Took 271,501,328,418 nsec 
ASE_DEBUG=1 	WAVEDUMP=1 	ENABLE_CL_VIEW = 1 	./nlb_test 64000 0 3 	          Took 208,606,728,414 nsec 
ASE_DEBUG=1 	WAVEDUMP=1 	ENABLE_CL_VIEW = 1 	./nlb_test 64000 1 0 	          Took 242,261,401,035 nsec 
ASE_DEBUG=1 	WAVEDUMP=1 	ENABLE_CL_VIEW = 1 	./nlb_test 64000 1 1 	          Took 241,707,973,124 nsec 
ASE_DEBUG=1 	WAVEDUMP=1 	ENABLE_CL_VIEW = 1 	./nlb_test 64000 1 3 	          Took 235,138,085,033 nsec 
ASE_DEBUG=1 	WAVEDUMP=1 	ENABLE_CL_VIEW = 1 	./nlb_test 64000 2 0 	          Took 530,478,387,536 nsec 
ASE_DEBUG=1 	WAVEDUMP=1 	ENABLE_CL_VIEW = 1 	./nlb_test 64000 2 1 	          Took 315,295,691,618 nsec 
ASE_DEBUG=1 	WAVEDUMP=1 	ENABLE_CL_VIEW = 1 	./nlb_test 64000 2 3 	          Took 228,439,132,538 nsec 
ASE_DEBUG=1 	WAVEDUMP=1 	ENABLE_CL_VIEW = 1 	./nlb_test 64000 3 0 	          Took 543,598,354,813 nsec 
ASE_DEBUG=1 	WAVEDUMP=1 	ENABLE_CL_VIEW = 1 	./nlb_test 64000 3 1 	          Took 304,622,745,654 nsec 
ASE_DEBUG=1 	WAVEDUMP=1 	ENABLE_CL_VIEW = 1 	./nlb_test 64000 3 3 	          Took 216,018,124,811 nsec 
